Pour 0.030 litres / 3.365 cm of water.
Pour 0.878 litres / 2.193 cm of water.
Pour 0.000 litres / 0.000 cm of water.
Pour 0.022 litres / 6.883 cm of water.
Pour 2.854 litres / 0.092 cm of water.
Pour 50.504 litres / 8.117 cm of water.
Pour 0.861 litres / 0.695 cm of water.
Pour 0.000 litres / 0.000 cm of water.
Pour 0.005 litres / 0.162 cm of water.
